staged grdchk -> /bigscratch/mjalabert314/bire_james25_repro/af_fno/mitgcm_adjoint_v1/grdchk
  days       7210 -> 7220   (720 steps)
  nIter0     3111120   end 3111840
  executable /home/mjalabert314/bire_james25_repro/build/af_s0_ad/mitgcmuv_ad
  weight     costWeight_ssh_anomaly.bin -> costWeight.bin
=== offshore_i4_j17  local(i=4,j=17) tile(1,1)  eps=1.d-1 ===
grad-res -------------------------------
 grad-res  proc    #    i    j    k   bi   bj iobc       fc ref            fc + eps           fc - eps
 grad-res  proc    #    i    j    k   bi   bj iobc      adj grad            fd grad          1 - fd/adj
 grad-res exact position met: 
 grad-res     0  453    4   17    1    1    1
grad-res -------------------------------
 grad-res     0    1    4   17    1    1    1    1   3.22547976275E-01  3.22560574539E-01  3.22535379768E-01
 grad-res     0    1    1  453    0    1    1    1   1.25966055501E-04  1.25973853287E-04 -6.19038732463E-05
(PID.TID 0000.0001)  ADM  ref_cost_function      =  3.22547976275027E-01
(PID.TID 0000.0001)  ADM  adjoint_gradient       =  1.25966055500709E-04
(PID.TID 0000.0001)  ADM  finite-diff_grad       =  1.25973853287442E-04
=== offshore_i4_j17  local(i=4,j=17) tile(1,1)  eps=3.d-2 ===
grad-res -------------------------------
 grad-res  proc    #    i    j    k   bi   bj iobc       fc ref            fc + eps           fc - eps
 grad-res  proc    #    i    j    k   bi   bj iobc      adj grad            fd grad          1 - fd/adj
 grad-res exact position met: 
 grad-res     0  453    4   17    1    1    1
grad-res -------------------------------
 grad-res     0    1    4   17    1    1    1    1   3.22547976275E-01  3.22551755405E-01  3.22544196236E-01
 grad-res     0    1    1  453    0    1    1    1   1.25966055501E-04  1.25986149193E-04 -1.59516720323E-04
(PID.TID 0000.0001)  ADM  ref_cost_function      =  3.22547976275027E-01
(PID.TID 0000.0001)  ADM  adjoint_gradient       =  1.25966055500709E-04
(PID.TID 0000.0001)  ADM  finite-diff_grad       =  1.25986149192755E-04
=== offshore_i4_j17  local(i=4,j=17) tile(1,1)  eps=1.d-2 ===
grad-res -------------------------------
 grad-res  proc    #    i    j    k   bi   bj iobc       fc ref            fc + eps           fc - eps
 grad-res  proc    #    i    j    k   bi   bj iobc      adj grad            fd grad          1 - fd/adj
 grad-res exact position met: 
 grad-res     0  453    4   17    1    1    1
grad-res -------------------------------
 grad-res     0    1    4   17    1    1    1    1   3.22547976275E-01  3.22549235952E-01  3.22546716631E-01
 grad-res     0    1    1  453    0    1    1    1   1.25966055501E-04  1.25966040557E-04  1.18635191226E-07
(PID.TID 0000.0001)  ADM  ref_cost_function      =  3.22547976275027E-01
(PID.TID 0000.0001)  ADM  adjoint_gradient       =  1.25966055500709E-04
(PID.TID 0000.0001)  ADM  finite-diff_grad       =  1.25966040556702E-04
=== offshore_i4_j17  local(i=4,j=17) tile(1,1)  eps=3.d-3 ===
grad-res -------------------------------
 grad-res  proc    #    i    j    k   bi   bj iobc       fc ref            fc + eps           fc - eps
 grad-res  proc    #    i    j    k   bi   bj iobc      adj grad            fd grad          1 - fd/adj
 grad-res exact position met: 
 grad-res     0  453    4   17    1    1    1
grad-res -------------------------------
 grad-res     0    1    4   17    1    1    1    1   3.22547976275E-01  3.22548354174E-01  3.22547598378E-01
 grad-res     0    1    1  453    0    1    1    1   1.25966055501E-04  1.25965991897E-04  5.04930926182E-07
(PID.TID 0000.0001)  ADM  ref_cost_function      =  3.22547976275027E-01
(PID.TID 0000.0001)  ADM  adjoint_gradient       =  1.25966055500709E-04
(PID.TID 0000.0001)  ADM  finite-diff_grad       =  1.25965991896552E-04
Gate G1  --  FD / adjoint
test point                       1e-01         3e-02         1e-02         3e-03
--------------------------------------------------------------------------------
offshore_i4_j17            1.000061904   1.000159517   0.999999881   0.999999495

  points          1
  gate epsilons   0.0001, 1e-05
  tolerance       |FD/adjoint - 1| < 0.0001
  FAIL  offshore_i4_j17 @ eps=0.0001: missing
  FAIL  offshore_i4_j17 @ eps=1e-05: missing
  GATE G1: FAIL

  Section 12 lists the causes in order.  First check whether the failing
  points are convecting columns (ivdc_kappa = 1. is not differentiable,
  section 12.1); the northern test point exists to make that fast.
  wrote /bigscratch/mjalabert314/bire_james25_repro/af_fno/mitgcm_adjoint_v1/grdchk/gate_g1_cg2d1em12_diagnostic_upward.json
