staged grdchk -> /bigscratch/mjalabert314/bire_james25_repro/af_fno/mitgcm_adjoint_v1/grdchk
  days       7210 -> 7220   (720 steps)
  nIter0     3111120   end 3111840
  executable /home/mjalabert314/bire_james25_repro/build/af_s0_ad/mitgcmuv_ad
  weight     costWeight_ssh_anomaly.bin -> costWeight.bin
=== offshore_i4_j17  local(i=4,j=17) tile(1,1)  eps=1.d-7 ===
grad-res -------------------------------
 grad-res  proc    #    i    j    k   bi   bj iobc       fc ref            fc + eps           fc - eps
 grad-res  proc    #    i    j    k   bi   bj iobc      adj grad            fd grad          1 - fd/adj
 grad-res exact position met: 
 grad-res     0  453    4   17    1    1    1
grad-res -------------------------------
 grad-res     0    1    4   17    1    1    1    1   3.22547974637E-01  3.22547974650E-01  3.22547974625E-01
 grad-res     0    1    1  453    0    1    1    1   1.25965561305E-04  1.24006083180E-04  1.55556654108E-02
(PID.TID 0000.0001)  ADM  ref_cost_function      =  3.22547974637434E-01
(PID.TID 0000.0001)  ADM  adjoint_gradient       =  1.25965561304687E-04
(PID.TID 0000.0001)  ADM  finite-diff_grad       =  1.24006083179751E-04
Gate G1  --  FD / adjoint
test point                       1e-07
--------------------------------------
offshore_i4_j17            0.984444335

  points          1
  gate epsilons   0.0001, 1e-05
  tolerance       |FD/adjoint - 1| < 0.0001
  FAIL  offshore_i4_j17 @ eps=0.0001: missing
  FAIL  offshore_i4_j17 @ eps=1e-05: missing
  GATE G1: FAIL

  Section 12 lists the causes in order.  First check whether the failing
  points are convecting columns (ivdc_kappa = 1. is not differentiable,
  section 12.1); the northern test point exists to make that fast.
  wrote /bigscratch/mjalabert314/bire_james25_repro/af_fno/mitgcm_adjoint_v1/grdchk/gate_g1_cg2d1em7_eps1em7.json
